// Jest Snapshot v1, https://goo.gl/fbAQLP

exports[`Search renders correctly 1`] = `
<section
  className="sc-bdVaJa fKqyOz"
>
  <h4
    className="sc-bwzfXH jQPHvi"
  >
    Search
  </h4>
  <input
    className="sc-gzVnrw eItwKo"
    onKeyUp={[Function]}
  />
</section>
`;
