// Jest Snapshot v1, https://goo.gl/fbAQLP

exports[`Card renders correctly 1`] = `
<a
  className="sc-gzVnrw edUQxL"
/>
`;
